// Jest Snapshot v1, https://jestjs.io/docs/snapshot-testing

exports[`Componentes SEO - Index Exports deve exportar a estrutura esperada do barrel SEO 1`] = `
[
  "ArticleSchema",
  "BreadcrumbSchema",
  "MusicSchema",
  "OrganizationSchema",
  "SEOHead",
  "VideoSchema",
  "WebsiteSchema",
  "default",
  "getCanonicalUrl",
  "getImageUrl",
  "siteConfig",
]
`;
